1000001 || Possible SYN_Flood DoS Attack(150000/client/s)
1000002 || Possible SYN_Flood DoS Attack(100000/client/s)
1000003 || Possible SYN_Flood DoS Attack(50000/client/s)
1000004 || Possible SYN_Flood DoS Attack(10000/client/s)
1000005 || Possible SYN_Flood DoS Attack(1000/client/s)
1000006 || Possible ICMP_Flood DoS Attack(150000/client/s)
1000007 || Possible ICMP_Flood DoS Attack(100000/client/s)
1000008 || Possible ICMP_Flood DoS Attack(50000/client/s)
1000009 || Possible ICMP_Flood DoS Attack(10000/client/s)
1000010 || Modbus TCP/read coil(normal)
1000011 || Modbus TCP/read coil(abnormal: length != 6)
1000012 || Modbus TCP/read coil(abnormal: unit id > 2)
1000013 || Modbus TCP/read coil(abnormal: start address >= 100)
1000014 || Modbus TCP/read coil(abnorml: number > 100)
1000020 || Modbus TCP/read input discrete(normal)
1000021 || Modbus TCP/read input discrete(abnormal: length != 6)
1000022 || Modbus TCP/read input discrete(abnormal: unit id > 2)
1000023 || Modbus TCP/read input discrete(abnormal: start address >= 100)
1000024 || Modbus TCP/read input discrete(abnormal: number > 100)
1000030 || Modbus TCP/read registers(normal)
1000031 || Modbus TCP/read register(abnormal: length != 6)
1000032 || Modbus TCP/read register(abnormal: unit id > 2)
1000033 || Modbus TCP/read register(abnormal: start address >= 100)
1000034 || Modbus TCP/read register(abnorml: number > 100)
1000040 || Modbus TCP/read input register(normal)
1000041 || Modbus TCP/read input register(abnormal: length != 6)
1000042 || Modbus TCP/read input register(abnormal: unit id > 2)
1000043 || Modbus TCP/read input register(abnormal: start address >= 100)
1000044 || Modbus TCP/read input register(abnormal: number > 100)
1000050 || Modbus TCP/write single coil(normal value 1)
1000051 || Modbus TCP/write single coil(normal value 0)
1000053 || Modbus TCP/write single coil(abnormal: unit id > 2)
1000054 || Modbus TCP/write single coil(abnormal: start address >= 100)
1000055 || Modbus TCP/write single coil(abnormal: value != 0/1)
1000060 || Modbus TCP/write single register(normal)
1000061 || Modbus TCP/write signle register(abnormal: length != 6)
1000062 || Modbus TCP/write signle register(abnormal: unit id > 2)
1000063 || Modbus TCP/write signle register(abnormal: address >= 100)
1000064 || Modbus TCP/write signle register(abnormal: value >= 10)
1000150 || Modbus TCP/write serial coils
1000160 || Modbus TCP/write serial registers
1000200 || Modbus TCP/read file record
1000210 || Modbus TCP/write file record
1000220 || Modbus TCP/mask write register
1000230 || Modbus TCP/read/write serial registers(possible normal)
1000231 || Modbus TCP/read/write serial registers(abnormal: length < 17)
1000232 || Modbus TCP/read/write serial registers(abnormal: unit id > 2)
1000233 || Modbus TCP/read/write serial registers(abnormal: read start address >= 100)
1000234 || Modbus TCP/read/write serial registers(abnormal: read number > 100)
1000235 || Modbus TCP/read/write serial registers(abnormal: write start address >= 100)
1000236 || Modbus TCP/read/write serial registers(abnormal: write number > 100)
1000512 || Modbus TCP/ data size than 512
1000650 || Modbus TCP/read ID of device
1000680 || Modbus TCP/ except func_code : 0
1002000 || Possible ICMP_Flood DoS Attack(1000/client/s)
10000052 || Modbus TCP/write single coil(abnormal: length != 6 )
10000210 || Possibe UDP_Flood Dos Attack(150000/client/s)
10000220 || Possibe UDP_Flood Dos Attack(100000/client/s)
10000230 || Possibe UDP_Flood Dos Attack(50000/client/s)
10000240 || Possibe UDP_Flood Dos Attack(10000/client/s)
10000250 || Possibe UDP_Flood Dos Attack(1000/client/s)
